// Jest Snapshot v1, https://goo.gl/fbAQLP

exports[`matches snapshot 1`] = `
<DocumentFragment>
  <div
    class="App"
  >
    <div>
      <h1
        style="color: white;"
      >
        Card Draw Game
      </h1>
      <h1
        style="color: white;"
      >
        0
      </h1>
      <button
        class="btn"
      >
        Start
      </button>
    </div>
  </div>
</DocumentFragment>
`;
